core_cm4.h:1037:22:NVIC_SetPriorityGrouping	24	static
main.c:263:5:main	16	static
main.c:296:13:DD_Scheduler_Task	136	static
main.c:387:13:DD_Task_Generator_1	40	static
main.c:406:13:DD_Task_Generator_2	40	static
main.c:425:13:DD_Task_Generator_3	40	static
main.c:443:13:User_Task_1	24	static
main.c:462:13:User_Task_2	24	static
main.c:481:13:User_Task_3	24	static
main.c:500:13:Monitor_Task	16	static
main.c:525:6:create_dd_task	120	static
main.c:549:6:delete_dd_task	80	static
main.c:674:6:add_task	32	static
main.c:696:6:delete_task	24	static
main.c:727:5:print_count_of_list	24	static
main.c:740:6:order_tasks_deadline_first	56	static
main.c:767:6:assign_task_priorities	24	static
main.c:795:6:vGenerator1CallbackFunction	16	static
main.c:801:6:vGenerator2CallbackFunction	16	static
main.c:807:6:vGenerator3CallbackFunction	16	static
main.c:817:6:vApplicationMallocFailedHook	4	static
main.c:831:6:vApplicationStackOverflowHook	16	static
main.c:845:6:vApplicationIdleHook	16	static
main.c:867:13:prvSetupHardware	8	static
