core_cm4.h:1037:22:NVIC_SetPriorityGrouping	24	static
main.c:261:5:main	16	static
main.c:299:13:DD_Scheduler_Task	96	static
main.c:418:13:DD_Task_Generator_1	40	static
main.c:437:13:DD_Task_Generator_2	40	static
main.c:456:13:DD_Task_Generator_3	40	static
main.c:474:13:User_Task_1	24	static
main.c:495:13:User_Task_2	24	static
main.c:516:13:User_Task_3	24	static
main.c:537:13:Monitor_Task	32	static
main.c:562:6:create_dd_task	40	static
main.c:599:6:delete_dd_task	32	static
main.c:615:22:get_active_dd_task_list	40	static
main.c:653:22:get_complete_dd_task_list	40	static
main.c:689:22:get_overdue_dd_task_list	40	static
main.c:726:16:add_task	32	static
main.c:753:16:delete_task	24	static
main.c:787:5:print_count_of_list	24	static
main.c:800:16:order_tasks_deadline_first	56	static
main.c:830:16:assign_task_priorities	24	static
main.c:856:6:vGenerator1CallbackFunction	16	static
main.c:862:6:vGenerator2CallbackFunction	16	static
main.c:868:6:vGenerator3CallbackFunction	16	static
main.c:878:6:vApplicationMallocFailedHook	4	static
main.c:892:6:vApplicationStackOverflowHook	16	static
main.c:906:6:vApplicationIdleHook	16	static
main.c:928:13:prvSetupHardware	8	static
