core_cm4.h:1037:22:NVIC_SetPriorityGrouping	24	static
main.c:263:5:main	16	static
main.c:296:13:DD_Scheduler_Task	72	static
main.c:408:13:DD_Task_Generator_1	40	static
main.c:427:13:DD_Task_Generator_2	40	static
main.c:446:13:DD_Task_Generator_3	40	static
main.c:464:13:User_Task_1	24	static
main.c:483:13:User_Task_2	24	static
main.c:502:13:User_Task_3	24	static
main.c:521:13:Monitor_Task	32	static
main.c:546:6:create_dd_task	32	static
main.c:572:6:delete_dd_task	32	static
main.c:588:23:get_active_dd_task_list	40	static
main.c:624:23:get_complete_dd_task_list	40	static
main.c:660:23:get_overdue_dd_task_list	40	static
main.c:697:6:add_task	32	static
main.c:719:6:delete_task	24	static
main.c:750:5:print_count_of_list	24	static
main.c:763:6:order_tasks_deadline_first	56	static
main.c:790:6:assign_task_priorities	24	static
main.c:818:6:vGenerator1CallbackFunction	16	static
main.c:824:6:vGenerator2CallbackFunction	16	static
main.c:830:6:vGenerator3CallbackFunction	16	static
main.c:840:6:vApplicationMallocFailedHook	4	static
main.c:854:6:vApplicationStackOverflowHook	16	static
main.c:868:6:vApplicationIdleHook	16	static
main.c:890:13:prvSetupHardware	8	static
