core_cm4.h:1037:22:NVIC_SetPriorityGrouping	24	static
main.c:263:5:main	16	static
main.c:296:13:DD_Scheduler_Task	128	static
main.c:407:13:DD_Task_Generator_1	40	static
main.c:426:13:DD_Task_Generator_2	40	static
main.c:445:13:DD_Task_Generator_3	40	static
main.c:463:13:User_Task_1	24	static
main.c:482:13:User_Task_2	24	static
main.c:501:13:User_Task_3	24	static
main.c:520:13:Monitor_Task	24	static
main.c:547:6:create_dd_task	96	static
main.c:571:6:delete_dd_task	56	static
main.c:623:23:get_complete_dd_task_list	80	static
main.c:659:23:get_overdue_dd_task_list	80	static
main.c:696:6:add_task	32	static
main.c:718:6:delete_task	24	static
main.c:749:5:print_count_of_list	24	static
main.c:762:6:order_tasks_deadline_first	56	static
main.c:789:6:assign_task_priorities	24	static
main.c:817:6:vGenerator1CallbackFunction	16	static
main.c:823:6:vGenerator2CallbackFunction	16	static
main.c:829:6:vGenerator3CallbackFunction	16	static
main.c:839:6:vApplicationMallocFailedHook	4	static
main.c:853:6:vApplicationStackOverflowHook	16	static
main.c:867:6:vApplicationIdleHook	16	static
main.c:889:13:prvSetupHardware	8	static
