core_cm4.h:1037:22:NVIC_SetPriorityGrouping	24	static
heap_4.c:155:7:pvPortMalloc	48	static
heap_4.c:305:6:vPortFree	32	static
heap_4.c:353:8:xPortGetFreeHeapSize	4	static
heap_4.c:359:8:xPortGetMinimumEverFreeHeapSize	4	static
heap_4.c:365:6:vPortInitialiseBlocks	4	static
heap_4.c:371:13:prvHeapInit	24	static
heap_4.c:419:13:prvInsertBlockIntoFreeList	24	static
main.c:266:5:main	24	static
main.c:308:13:DD_Scheduler_Task	72	static
main.c:461:13:DD_Task_Generator_1	40	static
main.c:485:13:DD_Task_Generator_2	40	static
main.c:508:13:DD_Task_Generator_3	40	static
main.c:531:13:User_Task_1	24	static
main.c:557:13:User_Task_2	24	static
main.c:583:13:User_Task_3	24	static
main.c:607:13:Monitor_Task	32	static
main.c:637:6:create_dd_task	40	static
main.c:674:6:delete_dd_task	32	static
main.c:694:22:get_active_dd_task_list	16	static
main.c:734:22:get_complete_dd_task_list	16	static
main.c:776:22:get_overdue_dd_task_list	16	static
main.c:818:16:add_task	32	static
main.c:852:16:delete_task	24	static
main.c:886:5:print_count_of_list	24	static
main.c:901:16:order_tasks_deadline_first	64	static
main.c:945:16:assign_task_priorities	24	static
main.c:977:16:get_dd_task	64	static
main.c:1002:6:vGenerator1CallbackFunction	16	static
main.c:1009:6:vGenerator2CallbackFunction	16	static
main.c:1015:6:vGenerator3CallbackFunction	16	static
main.c:1025:6:vApplicationMallocFailedHook	4	static
main.c:1039:6:vApplicationStackOverflowHook	16	static
main.c:1053:6:vApplicationIdleHook	16	static
main.c:1075:13:prvSetupHardware	8	static
