core_cm4.h:1037:22:NVIC_SetPriorityGrouping	24	static
main.c:260:5:main	16	static
main.c:298:13:DD_Scheduler_Task	80	static
main.c:413:13:DD_Task_Generator_1	40	static
main.c:432:13:DD_Task_Generator_2	40	static
main.c:451:13:DD_Task_Generator_3	40	static
main.c:469:13:User_Task_1	24	static
main.c:490:13:User_Task_2	24	static
main.c:511:13:User_Task_3	24	static
main.c:532:13:Monitor_Task	32	static
main.c:557:6:create_dd_task	40	static
main.c:594:6:delete_dd_task	24	static
main.c:610:22:get_active_dd_task_list	16	static
main.c:646:22:get_complete_dd_task_list	16	static
main.c:682:22:get_overdue_dd_task_list	16	static
main.c:719:16:add_task	32	static
main.c:746:16:delete_task	24	static
main.c:780:5:print_count_of_list	24	static
main.c:793:16:order_tasks_deadline_first	56	static
main.c:823:16:assign_task_priorities	24	static
main.c:849:6:vGenerator1CallbackFunction	16	static
main.c:855:6:vGenerator2CallbackFunction	16	static
main.c:861:6:vGenerator3CallbackFunction	16	static
main.c:871:6:vApplicationMallocFailedHook	4	static
main.c:885:6:vApplicationStackOverflowHook	16	static
main.c:899:6:vApplicationIdleHook	16	static
main.c:921:13:prvSetupHardware	8	static
