core_cm4.h:1037:22:NVIC_SetPriorityGrouping	24	static
main.c:266:5:main	16	static
main.c:303:13:DD_Scheduler_Task	64	static
main.c:442:13:DD_Task_Generator_1	40	static
main.c:461:13:DD_Task_Generator_2	40	static
main.c:480:13:DD_Task_Generator_3	40	static
main.c:498:13:User_Task_1	24	static
main.c:522:13:User_Task_2	24	static
main.c:546:13:User_Task_3	24	static
main.c:570:13:Monitor_Task	24	static
main.c:596:6:create_dd_task	40	static
main.c:633:6:delete_dd_task	32	static
main.c:652:22:get_active_dd_task_list	16	static
main.c:694:22:get_complete_dd_task_list	16	static
main.c:735:22:get_overdue_dd_task_list	16	static
main.c:776:16:add_task	32	static
main.c:810:16:delete_task	24	static
main.c:844:5:print_count_of_list	24	static
main.c:857:16:order_tasks_deadline_first	56	static
main.c:888:16:assign_task_priorities	24	static
main.c:920:16:get_dd_task	40	static
main.c:939:6:vGenerator1CallbackFunction	16	static
main.c:945:6:vGenerator2CallbackFunction	16	static
main.c:951:6:vGenerator3CallbackFunction	16	static
main.c:961:6:vApplicationMallocFailedHook	4	static
main.c:975:6:vApplicationStackOverflowHook	16	static
main.c:989:6:vApplicationIdleHook	16	static
main.c:1011:13:prvSetupHardware	8	static
