core_cm4.h:1037:22:NVIC_SetPriorityGrouping	24	static
heap_4.c:155:7:pvPortMalloc	48	static
heap_4.c:305:6:vPortFree	32	static
heap_4.c:353:8:xPortGetFreeHeapSize	4	static
heap_4.c:359:8:xPortGetMinimumEverFreeHeapSize	4	static
heap_4.c:365:6:vPortInitialiseBlocks	4	static
heap_4.c:371:13:prvHeapInit	24	static
heap_4.c:419:13:prvInsertBlockIntoFreeList	24	static
main.c:259:5:main	24	static
main.c:301:13:DD_Scheduler_Task	72	static
main.c:413:13:DD_Task_Generator_1	40	static
main.c:435:13:DD_Task_Generator_2	40	static
main.c:455:13:DD_Task_Generator_3	40	static
main.c:476:13:User_Task_1	24	static
main.c:502:13:User_Task_2	24	static
main.c:528:13:User_Task_3	24	static
main.c:552:13:Monitor_Task	32	static
main.c:578:6:create_dd_task	40	static
main.c:605:6:delete_dd_task	24	static
main.c:624:22:get_active_dd_task_list	16	static
main.c:664:22:get_complete_dd_task_list	16	static
main.c:706:22:get_overdue_dd_task_list	16	static
main.c:748:16:add_task	32	static
main.c:759:16:delete_task	24	static
main.c:786:5:print_count_of_list	24	static
main.c:801:16:order_tasks_deadline_first	64	static
main.c:843:16:assign_task_priorities	24	static
main.c:875:16:get_dd_task	64	static
main.c:900:6:vGenerator1CallbackFunction	16	static
main.c:907:6:vGenerator2CallbackFunction	16	static
main.c:913:6:vGenerator3CallbackFunction	16	static
main.c:923:6:vApplicationMallocFailedHook	4	static
main.c:937:6:vApplicationStackOverflowHook	16	static
main.c:951:6:vApplicationIdleHook	16	static
main.c:973:13:prvSetupHardware	8	static
